// Jest Snapshot v1, https://goo.gl/fbAQLP

exports[`<Card/> Simple rendering 1`] = `
<div
  className="col-lg-4 col-md-6 mb-4"
>
  <div
    className="card h-100"
  >
    <a
      href="#"
    >
      <img
        alt=""
        className="card-img-top"
        src="http://placehold.it/700x400"
      />
    </a>
    <div
      className="card-body"
    >
      <h4
        className="card-title"
      >
        <Link
          className="title-link"
          to="/events/undefined"
        />
      </h4>
      <h5 />
      <p
        className="card-text"
      />
    </div>
    <div
      className="card-footer"
    >
      <small
        className="text-muted"
      >
        ★ ★ ★ ★ ☆
      </small>
    </div>
  </div>
</div>
`;
